Archive member included to satisfy reference by file (symbol)

C:/Users/Nez3rt/OneDrive/Рабочий стол/MK/xpack-arm-none-eabi-gcc-13.2.1-1.1/bin/../lib/gcc/arm-none-eabi/13.2.1/../../../../arm-none-eabi/lib/thumb/v7e-m+fp/hard\libc_nano.a(libc_a-atexit.o)
                              C:/Users/Nez3rt/OneDrive/Рабочий стол/MK/xpack-arm-none-eabi-gcc-13.2.1-1.1/bin/../lib/gcc/arm-none-eabi/13.2.1/../../../../arm-none-eabi/lib/thumb/v7e-m+fp/hard/crt0.o (atexit)
C:/Users/Nez3rt/OneDrive/Рабочий стол/MK/xpack-arm-none-eabi-gcc-13.2.1-1.1/bin/../lib/gcc/arm-none-eabi/13.2.1/../../../../arm-none-eabi/lib/thumb/v7e-m+fp/hard\libc_nano.a(libc_a-exit.o)
                              C:/Users/Nez3rt/OneDrive/Рабочий стол/MK/xpack-arm-none-eabi-gcc-13.2.1-1.1/bin/../lib/gcc/arm-none-eabi/13.2.1/../../../../arm-none-eabi/lib/thumb/v7e-m+fp/hard/crt0.o (exit)
C:/Users/Nez3rt/OneDrive/Рабочий стол/MK/xpack-arm-none-eabi-gcc-13.2.1-1.1/bin/../lib/gcc/arm-none-eabi/13.2.1/../../../../arm-none-eabi/lib/thumb/v7e-m+fp/hard\libc_nano.a(libc_a-findfp.o)
                              C:/Users/Nez3rt/OneDrive/Рабочий стол/MK/xpack-arm-none-eabi-gcc-13.2.1-1.1/bin/../lib/gcc/arm-none-eabi/13.2.1/../../../../arm-none-eabi/lib/thumb/v7e-m+fp/hard\libc_nano.a(libc_a-exit.o) (__stdio_exit_handler)
C:/Users/Nez3rt/OneDrive/Рабочий стол/MK/xpack-arm-none-eabi-gcc-13.2.1-1.1/bin/../lib/gcc/arm-none-eabi/13.2.1/../../../../arm-none-eabi/lib/thumb/v7e-m+fp/hard\libc_nano.a(libc_a-fwalk.o)
                              C:/Users/Nez3rt/OneDrive/Рабочий стол/MK/xpack-arm-none-eabi-gcc-13.2.1-1.1/bin/../lib/gcc/arm-none-eabi/13.2.1/../../../../arm-none-eabi/lib/thumb/v7e-m+fp/hard\libc_nano.a(libc_a-findfp.o) (_fwalk_sglue)
C:/Users/Nez3rt/OneDrive/Рабочий стол/MK/xpack-arm-none-eabi-gcc-13.2.1-1.1/bin/../lib/gcc/arm-none-eabi/13.2.1/../../../../arm-none-eabi/lib/thumb/v7e-m+fp/hard\libc_nano.a(libc_a-stdio.o)
                              C:/Users/Nez3rt/OneDrive/Рабочий стол/MK/xpack-arm-none-eabi-gcc-13.2.1-1.1/bin/../lib/gcc/arm-none-eabi/13.2.1/../../../../arm-none-eabi/lib/thumb/v7e-m+fp/hard\libc_nano.a(libc_a-findfp.o) (__sread)
C:/Users/Nez3rt/OneDrive/Рабочий стол/MK/xpack-arm-none-eabi-gcc-13.2.1-1.1/bin/../lib/gcc/arm-none-eabi/13.2.1/../../../../arm-none-eabi/lib/thumb/v7e-m+fp/hard\libc_nano.a(libc_a-memset.o)
                              C:/Users/Nez3rt/OneDrive/Рабочий стол/MK/xpack-arm-none-eabi-gcc-13.2.1-1.1/bin/../lib/gcc/arm-none-eabi/13.2.1/../../../../arm-none-eabi/lib/thumb/v7e-m+fp/hard/crt0.o (memset)
C:/Users/Nez3rt/OneDrive/Рабочий стол/MK/xpack-arm-none-eabi-gcc-13.2.1-1.1/bin/../lib/gcc/arm-none-eabi/13.2.1/../../../../arm-none-eabi/lib/thumb/v7e-m+fp/hard\libc_nano.a(libc_a-closer.o)
                              C:/Users/Nez3rt/OneDrive/Рабочий стол/MK/xpack-arm-none-eabi-gcc-13.2.1-1.1/bin/../lib/gcc/arm-none-eabi/13.2.1/../../../../arm-none-eabi/lib/thumb/v7e-m+fp/hard\libc_nano.a(libc_a-stdio.o) (_close_r)
C:/Users/Nez3rt/OneDrive/Рабочий стол/MK/xpack-arm-none-eabi-gcc-13.2.1-1.1/bin/../lib/gcc/arm-none-eabi/13.2.1/../../../../arm-none-eabi/lib/thumb/v7e-m+fp/hard\libc_nano.a(libc_a-reent.o)
                              C:/Users/Nez3rt/OneDrive/Рабочий стол/MK/xpack-arm-none-eabi-gcc-13.2.1-1.1/bin/../lib/gcc/arm-none-eabi/13.2.1/../../../../arm-none-eabi/lib/thumb/v7e-m+fp/hard\libc_nano.a(libc_a-closer.o) (errno)
C:/Users/Nez3rt/OneDrive/Рабочий стол/MK/xpack-arm-none-eabi-gcc-13.2.1-1.1/bin/../lib/gcc/arm-none-eabi/13.2.1/../../../../arm-none-eabi/lib/thumb/v7e-m+fp/hard\libc_nano.a(libc_a-impure.o)
                              C:/Users/Nez3rt/OneDrive/Рабочий стол/MK/xpack-arm-none-eabi-gcc-13.2.1-1.1/bin/../lib/gcc/arm-none-eabi/13.2.1/../../../../arm-none-eabi/lib/thumb/v7e-m+fp/hard\libc_nano.a(libc_a-reent.o) (_impure_ptr)
C:/Users/Nez3rt/OneDrive/Рабочий стол/MK/xpack-arm-none-eabi-gcc-13.2.1-1.1/bin/../lib/gcc/arm-none-eabi/13.2.1/../../../../arm-none-eabi/lib/thumb/v7e-m+fp/hard\libc_nano.a(libc_a-lseekr.o)
                              C:/Users/Nez3rt/OneDrive/Рабочий стол/MK/xpack-arm-none-eabi-gcc-13.2.1-1.1/bin/../lib/gcc/arm-none-eabi/13.2.1/../../../../arm-none-eabi/lib/thumb/v7e-m+fp/hard\libc_nano.a(libc_a-stdio.o) (_lseek_r)
C:/Users/Nez3rt/OneDrive/Рабочий стол/MK/xpack-arm-none-eabi-gcc-13.2.1-1.1/bin/../lib/gcc/arm-none-eabi/13.2.1/../../../../arm-none-eabi/lib/thumb/v7e-m+fp/hard\libc_nano.a(libc_a-readr.o)
                              C:/Users/Nez3rt/OneDrive/Рабочий стол/MK/xpack-arm-none-eabi-gcc-13.2.1-1.1/bin/../lib/gcc/arm-none-eabi/13.2.1/../../../../arm-none-eabi/lib/thumb/v7e-m+fp/hard\libc_nano.a(libc_a-stdio.o) (_read_r)
C:/Users/Nez3rt/OneDrive/Рабочий стол/MK/xpack-arm-none-eabi-gcc-13.2.1-1.1/bin/../lib/gcc/arm-none-eabi/13.2.1/../../../../arm-none-eabi/lib/thumb/v7e-m+fp/hard\libc_nano.a(libc_a-writer.o)
[...]
Memory Configuration

Name             Origin             Length             Attributes
RAM              0x20000000         0x00030000         xrw
CCMRAM           0x10000000         0x00010000         xrw
FLASH            0x08000000         0x00200000         xr
*default*        0x00000000         0xffffffff

Linker script and memory map

LOAD C:/Users/Nez3rt/OneDrive/Рабочий стол/MK/xpack-arm-none-eabi-gcc-13.2.1-1.1/bin/../lib/gcc/arm-none-eabi/13.2.1/thumb/v7e-m+fp/hard/crti.o
LOAD C:/Users/Nez3rt/OneDrive/Рабочий стол/MK/xpack-arm-none-eabi-gcc-13.2.1-1.1/bin/../lib/gcc/arm-none-eabi/13.2.1/thumb/v7e-m+fp/hard/crtbegin.o
LOAD C:/Users/Nez3rt/OneDrive/Рабочий стол/MK/xpack-arm-none-eabi-gcc-13.2.1-1.1/bin/../lib/gcc/arm-none-eabi/13.2.1/../../../../arm-none-eabi/lib/thumb/v7e-m+fp/hard/crt0.o
LOAD build_F429ZI/system_stm32f4xx.o
LOAD build_F429ZI/syscalls.o
LOAD build_F429ZI/sysmem.o
LOAD build_F429ZI/main.o
LOAD build_F429ZI/init.o
LOAD build_F429ZI/it_handlers.o
LOAD build_F429ZI/startup_stm32f429xx.o
LOAD C:/Users/Nez3rt/OneDrive/Рабочий стол/MK/xpack-arm-none-eabi-gcc-13.2.1-1.1/bin/../lib/gcc/arm-none-eabi/13.2.1/../../../../arm-none-eabi/lib/thumb/v7e-m+fp/hard\libc_nano.a
LOAD C:/Users/Nez3rt/OneDrive/Рабочий стол/MK/xpack-arm-none-eabi-gcc-13.2.1-1.1/bin/../lib/gcc/arm-none-eabi/13.2.1/../../../../arm-none-eabi/lib/thumb/v7e-m+fp/hard\libm.a
LOAD C:/Users/Nez3rt/OneDrive/Рабочий стол/MK/xpack-arm-none-eabi-gcc-13.2.1-1.1/bin/../lib/gcc/arm-none-eabi/13.2.1/../../../../arm-none-eabi/lib/thumb/v7e-m+fp/hard\libnosys.a
START GROUP
LOAD C:/Users/Nez3rt/OneDrive/Рабочий стол/MK/xpack-arm-none-eabi-gcc-13.2.1-1.1/bin/../lib/gcc/arm-none-eabi/13.2.1/thumb/v7e-m+fp/hard\libgcc.a
LOAD C:/Users/Nez3rt/OneDrive/Рабочий стол/MK/xpack-arm-none-eabi-gcc-13.2.1-1.1/bin/../lib/gcc/arm-none-eabi/13.2.1/../../../../arm-none-eabi/lib/thumb/v7e-m+fp/hard\libc_nano.a
END GROUP
START GROUP
LOAD C:/Users/Nez3rt/OneDrive/Рабочий стол/MK/xpack-arm-none-eabi-gcc-13.2.1-1.1/bin/../lib/gcc/arm-none-eabi/13.2.1/thumb/v7e-m+fp/hard\libgcc.a
LOAD C:/Users/Nez3rt/OneDrive/Рабочий стол/MK/xpack-arm-none-eabi-gcc-13.2.1-1.1/bin/../lib/gcc/arm-none-eabi/13.2.1/../../../../arm-none-eabi/lib/thumb/v7e-m+fp/hard\libc_nano.a
END GROUP
LOAD C:/Users/Nez3rt/OneDrive/Рабочий стол/MK/xpack-arm-none-eabi-gcc-13.2.1-1.1/bin/../lib/gcc/arm-none-eabi/13.2.1/thumb/v7e-m+fp/hard/crtend.o
LOAD C:/Users/Nez3rt/OneDrive/Рабочий стол/MK/xpack-arm-none-eabi-gcc-13.2.1-1.1/bin/../lib/gcc/arm-none-eabi/13.2.1/thumb/v7e-m+fp/hard/crtn.o
                0x20030000                        _estack = (ORIGIN (RAM) + LENGTH (RAM))
                0x00000200                        _Min_Heap_Size = 0x200
                0x00000400                        _Min_Stack_Size = 0x400

.isr_vector     0x08000000      0x1ac
                0x08000000                        . = ALIGN (0x4)
 *(.isr_vector)
 .isr_vector    0x08000000      0x1ac build_F429ZI/startup_stm32f429xx.o
                0x08000000                g_pfnVectors
                0x080001ac                        . = ALIGN (0x4)

.text           0x080001ac      0x638
                0x080001ac                        . = ALIGN (0x4)
 *(.text)
 *(.text*)
 .text.__do_global_dtors_aux
                0x080001ac       0x24 C:/Users/Nez3rt/OneDrive/Рабочий стол/MK/xpack-arm-none-eabi-gcc-13.2.1-1.1/bin/../lib/gcc/arm-none-eabi/13.2.1/thumb/v7e-m+fp/hard/crtbegin.o
 .text.frame_dummy
                0x080001d0       0x1c C:/Users/Nez3rt/OneDrive/Рабочий стол/MK/xpack-arm-none-eabi-gcc-13.2.1-1.1/bin/../lib/gcc/arm-none-eabi/13.2.1/thumb/v7e-m+fp/hard/crtbegin.o
 .text.SystemInit
                0x080001ec       0x14 build_F429ZI/system_stm32f4xx.o
                0x080001ec                SystemInit
 .text.blink    0x08000200       0x28 build_F429ZI/main.o
                0x08000200                blink
 .text.blink2   0x08000228       0x38 build_F429ZI/main.o
                0x08000228                blink2
 .text.main     0x08000260       0xd8 build_F429ZI/main.o
                0x08000260                main
 .text.NVIC_EncodePriority
                0x08000338       0x3e build_F429ZI/init.o
 *fill*         0x08000376        0x2 
 .text.GPIO_Init
                0x08000378      0x138 build_F429ZI/init.o
                0x08000378                GPIO_Init
 .text.CLK_CLEAR
                0x080004b0       0x54 build_F429ZI/init.o
                0x080004b0                CLK_CLEAR
 .text.RCC_Init
                0x08000504       0xbc build_F429ZI/init.o
                0x08000504                RCC_Init
 .text.ITR_init
                0x080005c0       0x68 build_F429ZI/init.o
                0x080005c0                ITR_init
 .text.SysTick_Init
                0x08000628       0x40 build_F429ZI/init.o
                0x08000628                SysTick_Init
 .text.EXTI15_10_IRQHandler
                0x08000668       0x98 build_F429ZI/it_handlers.o
                0x08000668                EXTI15_10_IRQHandler
 .text.SysTick_Handler
                0x08000700       0x1c build_F429ZI/it_handlers.o
                0x08000700                SysTick_Handler
 .text.milis    0x0800071c       0x14 build_F429ZI/it_handlers.o
                0x0800071c                milis
 .text.Reset_Handler
                0x08000730       0x50 build_F429ZI/startup_stm32f429xx.o
                0x08000730                Reset_Handler
 .text.Default_Handler
                0x08000780        0x2 build_F429ZI/startup_stm32f429xx.o
                0x08000780                RTC_Alarm_IRQHandler
                0x08000780                HASH_RNG_IRQHandler
                0x08000780                EXTI2_IRQHandler
                0x08000780                TIM8_CC_IRQHandler
                0x08000780                DebugMon_Handler
                0x08000780                UART8_IRQHandler
                0x08000780                SPI4_IRQHandler
                0x08000780                TIM1_CC_IRQHandler
                0x08000780                DMA2_Stream5_IRQHandler
                0x08000780                HardFault_Handler
                0x08000780                DMA1_Stream5_IRQHandler
                0x08000780                PVD_IRQHandler
                0x08000780                SDIO_IRQHandler
                0x08000780                TAMP_STAMP_IRQHandler
                0x08000780                PendSV_Handler
                0x08000780                NMI_Handler
                0x08000780                CAN2_RX1_IRQHandler
                0x08000780                EXTI3_IRQHandler
                0x08000780                TIM8_TRG_COM_TIM14_IRQHandler
                0x08000780                TIM1_UP_TIM10_IRQHandler
                0x08000780                TIM8_UP_TIM13_IRQHandler
                0x08000780                I2C3_ER_IRQHandler
                0x08000780                EXTI0_IRQHandler
                0x08000780                I2C2_EV_IRQHandler
                0x08000780                DMA1_Stream2_IRQHandler
                0x08000780                CAN1_RX0_IRQHandler
                0x08000780                FPU_IRQHandler
                0x08000780                OTG_HS_WKUP_IRQHandler
                0x08000780                UsageFault_Handler
                0x08000780                LTDC_ER_IRQHandler
                0x08000780                CAN2_SCE_IRQHandler
                0x08000780                DMA2_Stream2_IRQHandler
                0x08000780                SPI1_IRQHandler
                0x08000780                TIM6_DAC_IRQHandler
                0x08000780                TIM1_BRK_TIM9_IRQHandler
                0x08000780                DCMI_IRQHandler
                0x08000780                CAN2_RX0_IRQHandler
                0x08000780                DMA2_Stream3_IRQHandler
                0x08000780                USART6_IRQHandler
                0x08000780                USART3_IRQHandler
                0x08000780                CAN1_RX1_IRQHandler
                0x08000780                UART5_IRQHandler
                0x08000780                DMA2_Stream0_IRQHandler
                0x08000780                TIM4_IRQHandler
                0x08000780                I2C1_EV_IRQHandler
                0x08000780                DMA1_Stream6_IRQHandler
                0x08000780                DMA1_Stream1_IRQHandler
                0x08000780                UART4_IRQHandler
                0x08000780                TIM3_IRQHandler
                0x08000780                RCC_IRQHandler
                0x08000780                TIM8_BRK_TIM12_IRQHandler
                0x08000780                Default_Handler
                0x08000780                ADC_IRQHandler
                0x08000780                DMA1_Stream7_IRQHandler
                0x08000780                SPI5_IRQHandler
                0x08000780                TIM7_IRQHandler
                0x08000780                CAN2_TX_IRQHandler
                0x08000780                TIM5_IRQHandler
                0x08000780                DMA2_Stream7_IRQHandler
                0x08000780                I2C3_EV_IRQHandler
                0x08000780                EXTI9_5_IRQHandler
                0x08000780                RTC_WKUP_IRQHandler
                0x08000780                LTDC_IRQHandler
                0x08000780                ETH_WKUP_IRQHandler
                0x08000780                SPI2_IRQHandler
                0x08000780                OTG_HS_EP1_IN_IRQHandler
                0x08000780                MemManage_Handler
                0x08000780                DMA1_Stream0_IRQHandler
                0x08000780                CAN1_TX_IRQHandler
                0x08000780                SVC_Handler
                0x08000780                EXTI4_IRQHandler
                0x08000780                ETH_IRQHandler
                0x08000780                OTG_HS_EP1_OUT_IRQHandler
                0x08000780                WWDG_IRQHandler
                0x08000780                SPI6_IRQHandler
                0x08000780                TIM2_IRQHandler
                0x08000780                OTG_FS_WKUP_IRQHandler
                0x08000780                TIM1_TRG_COM_TIM11_IRQHandler
                0x08000780                OTG_HS_IRQHandler
                0x08000780                DMA2D_IRQHandler
                0x08000780                EXTI1_IRQHandler
                0x08000780                UART7_IRQHandler
                0x08000780                USART2_IRQHandler
                0x08000780                I2C2_ER_IRQHandler
                0x08000780                DMA2_Stream1_IRQHandler
                0x08000780                CAN1_SCE_IRQHandler
                0x08000780                FLASH_IRQHandler
                0x08000780                DMA2_Stream4_IRQHandler
                0x08000780                BusFault_Handler
                0x08000780                USART1_IRQHandler
                0x08000780                OTG_FS_IRQHandler
                0x08000780                SPI3_IRQHandler
                0x08000780                DMA1_Stream4_IRQHandler
                0x08000780                I2C1_ER_IRQHandler
                0x08000780                FMC_IRQHandler
                0x08000780                DMA2_Stream6_IRQHandler
                0x08000780                SAI1_IRQHandler
                0x08000780                DMA1_Stream3_IRQHandler
 *fill*         0x08000782        0x2 
 .text.__libc_init_array
                0x08000784       0x48 C:/Users/Nez3rt/OneDrive/Рабочий стол/MK/xpack-arm-none-eabi-gcc-13.2.1-1.1/bin/../lib/gcc/arm-none-eabi/13.2.1/../../../../arm-none-eabi/lib/thumb/v7e-m+fp/hard\libc_nano.a(libc_a-init.o)
                0x08000784                __libc_init_array
 *(.glue_7)
 .glue_7        0x080007cc        0x0 linker stubs
 *(.glue_7t)
 .glue_7t       0x080007cc        0x0 linker stubs
 *(.eh_frame)
 .eh_frame      0x080007cc        0x0 C:/Users/Nez3rt/OneDrive/Рабочий стол/MK/xpack-arm-none-eabi-gcc-13.2.1-1.1/bin/../lib/gcc/arm-none-eabi/13.2.1/thumb/v7e-m+fp/hard/crtbegin.o
 *(.init)
 .init          0x080007cc        0x4 C:/Users/Nez3rt/OneDrive/Рабочий стол/MK/xpack-arm-none-eabi-gcc-13.2.1-1.1/bin/../lib/gcc/arm-none-eabi/13.2.1/thumb/v7e-m+fp/hard/crti.o
                0x080007cc                _init
 .init          0x080007d0        0x8 C:/Users/Nez3rt/OneDrive/Рабочий стол/MK/xpack-arm-none-eabi-gcc-13.2.1-1.1/bin/../lib/gcc/arm-none-eabi/13.2.1/thumb/v7e-m+fp/hard/crtn.o
 *(.fini)
 .fini          0x080007d8        0x4 C:/Users/Nez3rt/OneDrive/Рабочий стол/MK/xpack-arm-none-eabi-gcc-13.2.1-1.1/bin/../lib/gcc/arm-none-eabi/13.2.1/thumb/v7e-m+fp/hard/crti.o
                0x080007d8                _fini
 .fini          0x080007dc        0x8 C:/Users/Nez3rt/OneDrive/Рабочий стол/MK/xpack-arm-none-eabi-gcc-13.2.1-1.1/bin/../lib/gcc/arm-none-eabi/13.2.1/thumb/v7e-m+fp/hard/crtn.o
                0x080007e4                        . = ALIGN (0x4)
                0x080007e4                        _etext = .

.vfp11_veneer   0x080007e4        0x0
 .vfp11_veneer  0x080007e4        0x0 linker stubs

.v4_bx          0x080007e4        0x0
 .v4_bx         0x080007e4        0x0 linker stubs

.iplt           0x080007e4        0x0
 .iplt          0x080007e4        0x0 C:/Users/Nez3rt/OneDrive/Рабочий стол/MK/xpack-arm-none-eabi-gcc-13.2.1-1.1/bin/../lib/gcc/arm-none-eabi/13.2.1/thumb/v7e-m+fp/hard/crtbegin.o

.rodata         0x080007e4       0x28
                0x080007e4                        . = ALIGN (0x4)
 *(.rodata)
 .rodata        0x080007e4       0x26 build_F429ZI/main.o
 *(.rodata*)
                0x0800080c                        . = ALIGN (0x4)
 *fill*         0x0800080a        0x2 

.rel.dyn        0x0800080c        0x0
 .rel.iplt      0x0800080c        0x0 C:/Users/Nez3rt/OneDrive/Рабочий стол/MK/xpack-arm-none-eabi-gcc-13.2.1-1.1/bin/../lib/gcc/arm-none-eabi/13.2.1/thumb/v7e-m+fp/hard/crtbegin.o

.ARM.extab
 *(.ARM.extab* .gnu.linkonce.armextab.*)

.ARM            0x0800080c        0x0
                0x0800080c                        __exidx_start = .
 *(.ARM.exidx*)
                0x0800080c                        __exidx_end = .

.preinit_array  0x0800080c        0x0
                0x0800080c                        PROVIDE (__preinit_array_start = .)
 *(.preinit_array*)
                0x0800080c                        PROVIDE (__preinit_array_end = .)

.init_array     0x0800080c        0x4
                0x0800080c                        PROVIDE (__init_array_start = .)
 *(SORT_BY_NAME(.init_array.*))
 *(.init_array*)
 .init_array    0x0800080c        0x4 C:/Users/Nez3rt/OneDrive/Рабочий стол/MK/xpack-arm-none-eabi-gcc-13.2.1-1.1/bin/../lib/gcc/arm-none-eabi/13.2.1/thumb/v7e-m+fp/hard/crtbegin.o
                0x08000810                        PROVIDE (__init_array_end = .)

.fini_array     0x08000810        0x4
                0x08000810                        PROVIDE (__fini_array_start = .)
 *(SORT_BY_NAME(.fini_array.*))
 *(.fini_array*)
 .fini_array    0x08000810        0x4 C:/Users/Nez3rt/OneDrive/Рабочий стол/MK/xpack-arm-none-eabi-gcc-13.2.1-1.1/bin/../lib/gcc/arm-none-eabi/13.2.1/thumb/v7e-m+fp/hard/crtbegin.o
                0x08000814                        PROVIDE (__fini_array_end = .)
                0x08000814                        _sidata = LOADADDR (.data)

.data           0x20000000        0x4 load address 0x08000814
                0x20000000                        . = ALIGN (0x4)
                0x20000000                        _sdata = .
 *(.data)
 *(.data*)
 .data.mode     0x20000000        0x1 build_F429ZI/main.o
                0x20000000                mode
                0x20000004                        . = ALIGN (0x4)
 *fill*         0x20000001        0x3 
                0x20000004                        _edata = .
                0x08000818                        _siccmram = LOADADDR (.ccmram)

.igot.plt       0x20000004        0x0 load address 0x08000818
 .igot.plt      0x20000004        0x0 C:/Users/Nez3rt/OneDrive/Рабочий стол/MK/xpack-arm-none-eabi-gcc-13.2.1-1.1/bin/../lib/gcc/arm-none-eabi/13.2.1/thumb/v7e-m+fp/hard/crtbegin.o

.ccmram         0x10000000        0x0 load address 0x08000818
                0x10000000                        . = ALIGN (0x4)
                0x10000000                        _sccmram = .
 *(.ccmram)
 *(.ccmram*)
                0x10000000                        . = ALIGN (0x4)
                0x10000000                        _eccmram = .
                0x10000000                        . = ALIGN (0x4)

.bss            0x20000004       0x2c
                0x20000004                        _sbss = .
                0x20000004                        __bss_start__ = _sbss
 *(.bss)
 *(.bss*)
 .bss.completed.1
                0x20000004        0x1 C:/Users/Nez3rt/OneDrive/Рабочий стол/MK/xpack-arm-none-eabi-gcc-13.2.1-1.1/bin/../lib/gcc/arm-none-eabi/13.2.1/thumb/v7e-m+fp/hard/crtbegin.o
 *fill*         0x20000005        0x3 
 .bss.object.0  0x20000008       0x18 C:/Users/Nez3rt/OneDrive/Рабочий стол/MK/xpack-arm-none-eabi-gcc-13.2.1-1.1/bin/../lib/gcc/arm-none-eabi/13.2.1/thumb/v7e-m+fp/hard/crtbegin.o
 .bss.i         0x20000020        0x1 build_F429ZI/main.o
                0x20000020                i
 .bss.freq_mode
                0x20000021        0x1 build_F429ZI/main.o
                0x20000021                freq_mode
 *fill*         0x20000022        0x2 
 .bss.GlobalTickCount
                0x20000024        0x4 build_F429ZI/main.o
                0x20000024                GlobalTickCount
 .bss.ExternInterruptTickCount
                0x20000028        0x4 build_F429ZI/it_handlers.o
                0x20000028                ExternInterruptTickCount
 .bss.BtnCount  0x2000002c        0x1 build_F429ZI/it_handlers.o
                0x2000002c                BtnCount
 *(COMMON)
                0x20000030                        . = ALIGN (0x4)
 *fill*         0x2000002d        0x3 
                0x20000030                        _ebss = .
                0x20000030                        __bss_end__ = _ebss

._user_heap_stack
                0x20000030      0x600
                0x20000030                        . = ALIGN (0x8)
                [!provide]                        PROVIDE (end = .)
                0x20000030                        PROVIDE (_end = .)
                0x20000230                        . = (. + _Min_Heap_Size)
 *fill*         0x20000030      0x200 
                0x20000630                        . = (. + _Min_Stack_Size)
 *fill*         0x20000230      0x400 
                0x20000630                        . = ALIGN (0x8)

/DISCARD/
 libc.a(*)
 libm.a(*)
 libgcc.a(*)

.ARM.attributes
                0x00000000       0x30
 *(.ARM.attributes)
 .ARM.attributes
                0x00000000       0x22 C:/Users/Nez3rt/OneDrive/Рабочий стол/MK/xpack-arm-none-eabi-gcc-13.2.1-1.1/bin/../lib/gcc/arm-none-eabi/13.2.1/thumb/v7e-m+fp/hard/crti.o
 .ARM.attributes
                0x00000022       0x34 C:/Users/Nez3rt/OneDrive/Рабочий стол/MK/xpack-arm-none-eabi-gcc-13.2.1-1.1/bin/../lib/gcc/arm-none-eabi/13.2.1/thumb/v7e-m+fp/hard/crtbegin.o
 .ARM.attributes
                0x00000056       0x34 build_F429ZI/system_stm32f4xx.o
 .ARM.attributes
                0x0000008a       0x34 build_F429ZI/main.o
 .ARM.attributes
                0x000000be       0x34 build_F429ZI/init.o
 .ARM.attributes
                0x000000f2       0x34 build_F429ZI/it_handlers.o
 .ARM.attributes
                0x00000126       0x21 build_F429ZI/startup_stm32f429xx.o
 .ARM.attributes
                0x00000147       0x34 C:/Users/Nez3rt/OneDrive/Рабочий стол/MK/xpack-arm-none-eabi-gcc-13.2.1-1.1/bin/../lib/gcc/arm-none-eabi/13.2.1/../../../../arm-none-eabi/lib/thumb/v7e-m+fp/hard\libc_nano.a(libc_a-init.o)
 .ARM.attributes
                0x0000017b       0x22 C:/Users/Nez3rt/OneDrive/Рабочий стол/MK/xpack-arm-none-eabi-gcc-13.2.1-1.1/bin/../lib/gcc/arm-none-eabi/13.2.1/thumb/v7e-m+fp/hard/crtn.o
OUTPUT(build_F429ZI/STM32F429ZI.elf elf32-littlearm)
LOAD linker stubs
LOAD C:/Users/Nez3rt/OneDrive/Рабочий стол/MK/xpack-arm-none-eabi-gcc-13.2.1-1.1/bin/../lib/gcc/arm-none-eabi/13.2.1/../../../../arm-none-eabi/lib/thumb/v7e-m+fp/hard\libc.a
LOAD C:/Users/Nez3rt/OneDrive/Рабочий стол/MK/xpack-arm-none-eabi-gcc-13.2.1-1.1/bin/../lib/gcc/arm-none-eabi/13.2.1/../../../../arm-none-eabi/lib/thumb/v7e-m+fp/hard\libm.a
LOAD C:/Users/Nez3rt/OneDrive/Рабочий стол/MK/xpack-arm-none-eabi-gcc-13.2.1-1.1/bin/../lib/gcc/arm-none-eabi/13.2.1/thumb/v7e-m+fp/hard\libgcc.a

.comment        0x00000000       0x39
 .comment       0x00000000       0x39 C:/Users/Nez3rt/OneDrive/Рабочий стол/MK/xpack-arm-none-eabi-gcc-13.2.1-1.1/bin/../lib/gcc/arm-none-eabi/13.2.1/thumb/v7e-m+fp/hard/crtbegin.o
                                 0x3a (size before relaxing)
 .comment       0x00000039       0x3a build_F429ZI/system_stm32f4xx.o
 .comment       0x00000039       0x3a build_F429ZI/main.o
 .comment       0x00000039       0x3a build_F429ZI/init.o
 .comment       0x00000039       0x3a build_F429ZI/it_handlers.o
 .comment       0x00000039       0x3a C:/Users/Nez3rt/OneDrive/Рабочий стол/MK/xpack-arm-none-eabi-gcc-13.2.1-1.1/bin/../lib/gcc/arm-none-eabi/13.2.1/../../../../arm-none-eabi/lib/thumb/v7e-m+fp/hard\libc_nano.a(libc_a-init.o)

.debug_info     0x00000000     0x18ae
 .debug_info    0x00000000      0x5ce build_F429ZI/system_stm32f4xx.o
 .debug_info    0x000005ce      0x3c2 build_F429ZI/main.o
 .debug_info    0x00000990      0xd19 build_F429ZI/init.o
 .debug_info    0x000016a9      0x1d5 build_F429ZI/it_handlers.o
 .debug_info    0x0000187e       0x30 build_F429ZI/startup_stm32f429xx.o

.debug_abbrev   0x00000000      0x5ad
 .debug_abbrev  0x00000000      0x11b build_F429ZI/system_stm32f4xx.o
 .debug_abbrev  0x0000011b      0x191 build_F429ZI/main.o
 .debug_abbrev  0x000002ac      0x1e1 build_F429ZI/init.o
 .debug_abbrev  0x0000048d      0x103 build_F429ZI/it_handlers.o
 .debug_abbrev  0x00000590       0x1d build_F429ZI/startup_stm32f429xx.o

.debug_loc      0x00000000      0x482
 .debug_loc     0x00000000      0x181 build_F429ZI/system_stm32f4xx.o
 .debug_loc     0x00000181      0x16a build_F429ZI/main.o
 .debug_loc     0x000002eb      0x182 build_F429ZI/init.o
 .debug_loc     0x0000046d       0x15 build_F429ZI/it_handlers.o

.debug_aranges  0x00000000       0xf8
 .debug_aranges
                0x00000000       0x28 build_F429ZI/system_stm32f4xx.o
 .debug_aranges
                0x00000028       0x30 build_F429ZI/main.o
 .debug_aranges
                0x00000058       0x48 build_F429ZI/init.o
 .debug_aranges
                0x000000a0       0x30 build_F429ZI/it_handlers.o
 .debug_aranges
                0x000000d0       0x28 build_F429ZI/startup_stm32f429xx.o

.debug_ranges   0x00000000       0xb0
 .debug_ranges  0x00000000       0x18 build_F429ZI/system_stm32f4xx.o
 .debug_ranges  0x00000018       0x20 build_F429ZI/main.o
 .debug_ranges  0x00000038       0x38 build_F429ZI/init.o
 .debug_ranges  0x00000070       0x20 build_F429ZI/it_handlers.o
 .debug_ranges  0x00000090       0x20 build_F429ZI/startup_stm32f429xx.o

.debug_line     0x00000000      0xc1c
 .debug_line    0x00000000      0x2ca build_F429ZI/system_stm32f4xx.o
 .debug_line    0x000002ca      0x26d build_F429ZI/main.o
 .debug_line    0x00000537      0x3b0 build_F429ZI/init.o
 .debug_line    0x000008e7      0x2ab build_F429ZI/it_handlers.o
 .debug_line    0x00000b92       0x8a build_F429ZI/startup_stm32f429xx.o

.debug_str      0x00000000      0xbbd
 .debug_str     0x00000000      0xbbd build_F429ZI/system_stm32f4xx.o
                                0x363 (size before relaxing)
 .debug_str     0x00000bbd      0x277 build_F429ZI/main.o
 .debug_str     0x00000bbd      0xa34 build_F429ZI/init.o
 .debug_str     0x00000bbd      0x215 build_F429ZI/it_handlers.o
 .debug_str     0x00000bbd       0x6d build_F429ZI/startup_stm32f429xx.o

.debug_frame    0x00000000      0x154
 .debug_frame   0x00000000       0x30 build_F429ZI/system_stm32f4xx.o
 .debug_frame   0x00000030       0x64 build_F429ZI/main.o
 .debug_frame   0x00000094       0x80 build_F429ZI/init.o
 .debug_frame   0x00000114       0x40 build_F429ZI/it_handlers.o

Cross Reference Table

Symbol                                            File
ADC_IRQHandler                                    build_F429ZI/startup_stm32f429xx.o
AHBPrescTable                                     build_F429ZI/system_stm32f4xx.o
APBPrescTable                                     build_F429ZI/system_stm32f4xx.o
BtnCount                                          build_F429ZI/it_handlers.o
BtnStartTick                                      build_F429ZI/main.o
BusFault_Handler                                  build_F429ZI/startup_stm32f429xx.o
CAN1_RX0_IRQHandler                               build_F429ZI/startup_stm32f429xx.o
CAN1_RX1_IRQHandler                               build_F429ZI/startup_stm32f429xx.o
CAN1_SCE_IRQHandler                               build_F429ZI/startup_stm32f429xx.o
CAN1_TX_IRQHandler                                build_F429ZI/startup_stm32f429xx.o
CAN2_RX0_IRQHandler                               build_F429ZI/startup_stm32f429xx.o
CAN2_RX1_IRQHandler                               build_F429ZI/startup_stm32f429xx.o
CAN2_SCE_IRQHandler                               build_F429ZI/startup_stm32f429xx.o
CAN2_TX_IRQHandler                                build_F429ZI/startup_stm32f429xx.o
CLK_CLEAR                                         build_F429ZI/init.o
                                                  build_F429ZI/main.o
DCMI_IRQHandler                                   build_F429ZI/startup_stm32f429xx.o
DMA1_Stream0_IRQHandler                           build_F429ZI/startup_stm32f429xx.o
DMA1_Stream1_IRQHandler                           build_F429ZI/startup_stm32f429xx.o
DMA1_Stream2_IRQHandler                           build_F429ZI/startup_stm32f429xx.o
DMA1_Stream3_IRQHandler                           build_F429ZI/startup_stm32f429xx.o
DMA1_Stream4_IRQHandler                           build_F429ZI/startup_stm32f429xx.o
DMA1_Stream5_IRQHandler                           build_F429ZI/startup_stm32f429xx.o
DMA1_Stream6_IRQHandler                           build_F429ZI/startup_stm32f429xx.o
DMA1_Stream7_IRQHandler                           build_F429ZI/startup_stm32f429xx.o
DMA2D_IRQHandler                                  build_F429ZI/startup_stm32f429xx.o
DMA2_Stream0_IRQHandler                           build_F429ZI/startup_stm32f429xx.o
DMA2_Stream1_IRQHandler                           build_F429ZI/startup_stm32f429xx.o
DMA2_Stream2_IRQHandler                           build_F429ZI/startup_stm32f429xx.o
DMA2_Stream3_IRQHandler                           build_F429ZI/startup_stm32f429xx.o
DMA2_Stream4_IRQHandler                           build_F429ZI/startup_stm32f429xx.o
DMA2_Stream5_IRQHandler                           build_F429ZI/startup_stm32f429xx.o
DMA2_Stream6_IRQHandler                           build_F429ZI/startup_stm32f429xx.o
DMA2_Stream7_IRQHandler                           build_F429ZI/startup_stm32f429xx.o
DebugMon_Handler                                  build_F429ZI/startup_stm32f429xx.o
Default_Handler                                   build_F429ZI/startup_stm32f429xx.o
ETH_IRQHandler                                    build_F429ZI/startup_stm32f429xx.o
ETH_WKUP_IRQHandler                               build_F429ZI/startup_stm32f429xx.o
EXTI0_IRQHandler                                  build_F429ZI/startup_stm32f429xx.o
EXTI15_10_IRQHandler                              build_F429ZI/it_handlers.o
EXTI1_IRQHandler                                  build_F429ZI/startup_stm32f429xx.o
EXTI2_IRQHandler                                  build_F429ZI/startup_stm32f429xx.o
EXTI3_IRQHandler                                  build_F429ZI/startup_stm32f429xx.o
EXTI4_IRQHandler                                  build_F429ZI/startup_stm32f429xx.o
EXTI9_5_IRQHandler                                build_F429ZI/startup_stm32f429xx.o
ExternInterruptTickCount                          build_F429ZI/it_handlers.o
FLASH_IRQHandler                                  build_F429ZI/startup_stm32f429xx.o
FMC_IRQHandler                                    build_F429ZI/startup_stm32f429xx.o
FPU_IRQHandler                                    build_F429ZI/startup_stm32f429xx.o
GPIO_Init                                         build_F429ZI/init.o
                                                  build_F429ZI/main.o
GlobalTickCount                                   build_F429ZI/main.o
                                                  build_F429ZI/it_handlers.o
HASH_RNG_IRQHandler                               build_F429ZI/startup_stm32f429xx.o
HardFault_Handler                                 build_F429ZI/startup_stm32f429xx.o
I2C1_ER_IRQHandler                                build_F429ZI/startup_stm32f429xx.o
I2C1_EV_IRQHandler                                build_F429ZI/startup_stm32f429xx.o
I2C2_ER_IRQHandler                                build_F429ZI/startup_stm32f429xx.o
I2C2_EV_IRQHandler                                build_F429ZI/startup_stm32f429xx.o
I2C3_ER_IRQHandler                                build_F429ZI/startup_stm32f429xx.o
I2C3_EV_IRQHandler                                build_F429ZI/startup_stm32f429xx.o
ITR_init                                          build_F429ZI/init.o
                                                  build_F429ZI/main.o
LTDC_ER_IRQHandler                                build_F429ZI/startup_stm32f429xx.o
LTDC_IRQHandler                                   build_F429ZI/startup_stm32f429xx.o
LedState                                          build_F429ZI/main.o
MemManage_Handler                                 build_F429ZI/startup_stm32f429xx.o
NMI_Handler                                       build_F429ZI/startup_stm32f429xx.o
OTG_FS_IRQHandler                                 build_F429ZI/startup_stm32f429xx.o
OTG_FS_WKUP_IRQHandler                            build_F429ZI/startup_stm32f429xx.o
OTG_HS_EP1_IN_IRQHandler                          build_F429ZI/startup_stm32f429xx.o
OTG_HS_EP1_OUT_IRQHandler                         build_F429ZI/startup_stm32f429xx.o
OTG_HS_IRQHandler                                 build_F429ZI/startup_stm32f429xx.o
OTG_HS_WKUP_IRQHandler                            build_F429ZI/startup_stm32f429xx.o
PVD_IRQHandler                                    build_F429ZI/startup_stm32f429xx.o
PendSV_Handler                                    build_F429ZI/startup_stm32f429xx.o
RCC_IRQHandler                                    build_F429ZI/startup_stm32f429xx.o
RCC_Init                                          build_F429ZI/init.o
                                                  build_F429ZI/main.o
RTC_Alarm_IRQHandler                              build_F429ZI/startup_stm32f429xx.o
RTC_WKUP_IRQHandler                               build_F429ZI/startup_stm32f429xx.o
Reset_Handler                                     build_F429ZI/startup_stm32f429xx.o
SAI1_IRQHandler                                   build_F429ZI/startup_stm32f429xx.o
SDIO_IRQHandler                                   build_F429ZI/startup_stm32f429xx.o
SPI1_IRQHandler                                   build_F429ZI/startup_stm32f429xx.o
SPI2_IRQHandler                                   build_F429ZI/startup_stm32f429xx.o
SPI3_IRQHandler                                   build_F429ZI/startup_stm32f429xx.o
SPI4_IRQHandler                                   build_F429ZI/startup_stm32f429xx.o
SPI5_IRQHandler                                   build_F429ZI/startup_stm32f429xx.o
SPI6_IRQHandler                                   build_F429ZI/startup_stm32f429xx.o
SVC_Handler                                       build_F429ZI/startup_stm32f429xx.o
SysTick_Handler                                   build_F429ZI/it_handlers.o
SysTick_Init                                      build_F429ZI/init.o
                                                  build_F429ZI/main.o
SystemCoreClock                                   build_F429ZI/system_stm32f4xx.o
SystemCoreClockUpdate                             build_F429ZI/system_stm32f4xx.o
SystemInit                                        build_F429ZI/system_stm32f4xx.o
                                                  build_F429ZI/startup_stm32f429xx.o
TAMP_STAMP_IRQHandler                             build_F429ZI/startup_stm32f429xx.o
TIM1_BRK_TIM9_IRQHandler                          build_F429ZI/startup_stm32f429xx.o
TIM1_CC_IRQHandler                                build_F429ZI/startup_stm32f429xx.o
TIM1_TRG_COM_TIM11_IRQHandler                     build_F429ZI/startup_stm32f429xx.o
TIM1_UP_TIM10_IRQHandler                          build_F429ZI/startup_stm32f429xx.o
TIM2_IRQHandler                                   build_F429ZI/startup_stm32f429xx.o
TIM3_IRQHandler                                   build_F429ZI/startup_stm32f429xx.o
TIM4_IRQHandler                                   build_F429ZI/startup_stm32f429xx.o
TIM5_IRQHandler                                   build_F429ZI/startup_stm32f429xx.o
TIM6_DAC_IRQHandler                               build_F429ZI/startup_stm32f429xx.o
TIM7_IRQHandler                                   build_F429ZI/startup_stm32f429xx.o
TIM8_BRK_TIM12_IRQHandler                         build_F429ZI/startup_stm32f429xx.o
TIM8_CC_IRQHandler                                build_F429ZI/startup_stm32f429xx.o
TIM8_TRG_COM_TIM14_IRQHandler                     build_F429ZI/startup_stm32f429xx.o
TIM8_UP_TIM13_IRQHandler                          build_F429ZI/startup_stm32f429xx.o
UART4_IRQHandler                                  build_F429ZI/startup_stm32f429xx.o
UART5_IRQHandler                                  build_F429ZI/startup_stm32f429xx.o
UART7_IRQHandler                                  build_F429ZI/startup_stm32f429xx.o
UART8_IRQHandler                                  build_F429ZI/startup_stm32f429xx.o
USART1_IRQHandler                                 build_F429ZI/startup_stm32f429xx.o
USART2_IRQHandler                                 build_F429ZI/startup_stm32f429xx.o
USART3_IRQHandler                                 build_F429ZI/startup_stm32f429xx.o
USART6_IRQHandler                                 build_F429ZI/startup_stm32f429xx.o
UsageFault_Handler                                build_F429ZI/startup_stm32f429xx.o
WWDG_IRQHandler                                   build_F429ZI/startup_stm32f429xx.o
_Min_Stack_Size                                   build_F429ZI/sysmem.o
__atexit                                          C:/Users/Nez3rt/OneDrive/Рабочий стол/MK/xpack-arm-none-eabi-gcc-13.2.1-1.1/bin/../lib/gcc/arm-none-eabi/13.2.1/../../../../arm-none-eabi/lib/thumb/v7e-m+fp/hard\libc_nano.a(libc_a-__call_atexit.o)
                                                  C:/Users/Nez3rt/OneDrive/Рабочий стол/MK/xpack-arm-none-eabi-gcc-13.2.1-1.1/bin/../lib/gcc/arm-none-eabi/13.2.1/../../../../arm-none-eabi/lib/thumb/v7e-m+fp/hard\libc_nano.a(libc_a-__atexit.o)
__atexit0                                         C:/Users/Nez3rt/OneDrive/Рабочий стол/MK/xpack-arm-none-eabi-gcc-13.2.1-1.1/bin/../lib/gcc/arm-none-eabi/13.2.1/../../../../arm-none-eabi/lib/thumb/v7e-m+fp/hard\libc_nano.a(libc_a-__atexit.o)
__atexit_dummy                                    C:/Users/Nez3rt/OneDrive/Рабочий стол/MK/xpack-arm-none-eabi-gcc-13.2.1-1.1/bin/../lib/gcc/arm-none-eabi/13.2.1/../../../../arm-none-eabi/lib/thumb/v7e-m+fp/hard\libc_nano.a(libc_a-__atexit.o)
__atexit_recursive_mutex                          C:/Users/Nez3rt/OneDrive/Рабочий стол/MK/xpack-arm-none-eabi-gcc-13.2.1-1.1/bin/../lib/gcc/arm-none-eabi/13.2.1/../../../../arm-none-eabi/lib/thumb/v7e-m+fp/hard\libc_nano.a(libc_a-__call_atexit.o)
                                                  C:/Users/Nez3rt/OneDrive/Рабочий стол/MK/xpack-arm-none-eabi-gcc-13.2.1-1.1/bin/../lib/gcc/arm-none-eabi/13.2.1/../../../../arm-none-eabi/lib/thumb/v7e-m+fp/hard\libc_nano.a(libc_a-__atexit.o)
__bss_end__                                       C:/Users/Nez3rt/OneDrive/Рабочий стол/MK/xpack-arm-none-eabi-gcc-13.2.1-1.1/bin/../lib/gcc/arm-none-eabi/13.2.1/../../../../arm-none-eabi/lib/thumb/v7e-m+fp/hard/crt0.o
__bss_start__                                     C:/Users/Nez3rt/OneDrive/Рабочий стол/MK/xpack-arm-none-eabi-gcc-13.2.1-1.1/bin/../lib/gcc/arm-none-eabi/13.2.1/../../../../arm-none-eabi/lib/thumb/v7e-m+fp/hard/crt0.o
__call_exitprocs                                  C:/Users/Nez3rt/OneDrive/Рабочий стол/MK/xpack-arm-none-eabi-gcc-13.2.1-1.1/bin/../lib/gcc/arm-none-eabi/13.2.1/../../../../arm-none-eabi/lib/thumb/v7e-m+fp/hard\libc_nano.a(libc_a-__call_atexit.o)
                                                  C:/Users/Nez3rt/OneDrive/Рабочий стол/MK/xpack-arm-none-eabi-gcc-13.2.1-1.1/bin/../lib/gcc/arm-none-eabi/13.2.1/../../../../arm-none-eabi/lib/thumb/v7e-m+fp/hard\libc_nano.a(libc_a-__atexit.o)
                                                  C:/Users/Nez3rt/OneDrive/Рабочий стол/MK/xpack-arm-none-eabi-gcc-13.2.1-1.1/bin/../lib/gcc/arm-none-eabi/13.2.1/../../../../arm-none-eabi/lib/thumb/v7e-m+fp/hard\libc_nano.a(libc_a-exit.o)
__deregister_frame_info                           C:/Users/Nez3rt/OneDrive/Рабочий стол/MK/xpack-arm-none-eabi-gcc-13.2.1-1.1/bin/../lib/gcc/arm-none-eabi/13.2.1/thumb/v7e-m+fp/hard/crtbegin.o
__dso_handle                                      C:/Users/Nez3rt/OneDrive/Рабочий стол/MK/xpack-arm-none-eabi-gcc-13.2.1-1.1/bin/../lib/gcc/arm-none-eabi/13.2.1/thumb/v7e-m+fp/hard/crtbegin.o
__env                                             build_F429ZI/syscalls.o
__errno                                           C:/Users/Nez3rt/OneDrive/Рабочий стол/MK/xpack-arm-none-eabi-gcc-13.2.1-1.1/bin/../lib/gcc/arm-none-eabi/13.2.1/../../../../arm-none-eabi/lib/thumb/v7e-m+fp/hard\libc_nano.a(libc_a-errno.o)
                                                  build_F429ZI/sysmem.o
                                                  build_F429ZI/syscalls.o
__fini_array_end                                  C:/Users/Nez3rt/OneDrive/Рабочий стол/MK/xpack-arm-none-eabi-gcc-13.2.1-1.1/bin/../lib/gcc/arm-none-eabi/13.2.1/../../../../arm-none-eabi/lib/thumb/v7e-m+fp/hard\libc_nano.a(libc_a-fini.o)
__fini_array_start                                C:/Users/Nez3rt/OneDrive/Рабочий стол/MK/xpack-arm-none-eabi-gcc-13.2.1-1.1/bin/../lib/gcc/arm-none-eabi/13.2.1/../../../../arm-none-eabi/lib/thumb/v7e-m+fp/hard\libc_nano.a(libc_a-fini.o)
__fp_lock_all                                     C:/Users/Nez3rt/OneDrive/Рабочий стол/MK/xpack-arm-none-eabi-gcc-13.2.1-1.1/bin/../lib/gcc/arm-none-eabi/13.2.1/../../../../arm-none-eabi/lib/thumb/v7e-m+fp/hard\libc_nano.a(libc_a-findfp.o)
__fp_unlock_all                                   C:/Users/Nez3rt/OneDrive/Рабочий стол/MK/xpack-arm-none-eabi-gcc-13.2.1-1.1/bin/../lib/gcc/arm-none-eabi/13.2.1/../../../../arm-none-eabi/lib/thumb/v7e-m+fp/hard\libc_nano.a(libc_a-findfp.o)
__init_array_end                                  C:/Users/Nez3rt/OneDrive/Рабочий стол/MK/xpack-arm-none-eabi-gcc-13.2.1-1.1/bin/../lib/gcc/arm-none-eabi/13.2.1/../../../../arm-none-eabi/lib/thumb/v7e-m+fp/hard\libc_nano.a(libc_a-init.o)
__init_array_start                                C:/Users/Nez3rt/OneDrive/Рабочий стол/MK/xpack-arm-none-eabi-gcc-13.2.1-1.1/bin/../lib/gcc/arm-none-eabi/13.2.1/../../../../arm-none-eabi/lib/thumb/v7e-m+fp/hard\libc_nano.a(libc_a-init.o)
__io_getchar                                      build_F429ZI/syscalls.o
__io_putchar                                      build_F429ZI/syscalls.o
__libc_fini_array                                 C:/Users/Nez3rt/OneDrive/Рабочий стол/MK/xpack-arm-none-eabi-gcc-13.2.1-1.1/bin/../lib/gcc/arm-none-eabi/13.2.1/../../../../arm-none-eabi/lib/thumb/v7e-m+fp/hard\libc_nano.a(libc_a-fini.o)
                                                  C:/Users/Nez3rt/OneDrive/Рабочий стол/MK/xpack-arm-none-eabi-gcc-13.2.1-1.1/bin/../lib/gcc/arm-none-eabi/13.2.1/../../../../arm-none-eabi/lib/thumb/v7e-m+fp/hard/crt0.o
__libc_init_array                                 C:/Users/Nez3rt/OneDrive/Рабочий стол/MK/xpack-arm-none-eabi-gcc-13.2.1-1.1/bin/../lib/gcc/arm-none-eabi/13.2.1/../../../../arm-none-eabi/lib/thumb/v7e-m+fp/hard\libc_nano.a(libc_a-init.o)
                                                  build_F429ZI/startup_stm32f429xx.o
                                                  C:/Users/Nez3rt/OneDrive/Рабочий стол/MK/xpack-arm-none-eabi-gcc-13.2.1-1.1/bin/../lib/gcc/arm-none-eabi/13.2.1/../../../../arm-none-eabi/lib/thumb/v7e-m+fp/hard/crt0.o
__lock___arc4random_mutex                         C:/Users/Nez3rt/OneDrive/Рабочий стол/MK/xpack-arm-none-eabi-gcc-13.2.1-1.1/bin/../lib/gcc/arm-none-eabi/13.2.1/../../../../arm-none-eabi/lib/thumb/v7e-m+fp/hard\libc_nano.a(libc_a-lock.o)
__lock___at_quick_exit_mutex                      C:/Users/Nez3rt/OneDrive/Рабочий стол/MK/xpack-arm-none-eabi-gcc-13.2.1-1.1/bin/../lib/gcc/arm-none-eabi/13.2.1/../../../../arm-none-eabi/lib/thumb/v7e-m+fp/hard\libc_nano.a(libc_a-lock.o)
__lock___atexit_recursive_mutex                   C:/Users/Nez3rt/OneDrive/Рабочий стол/MK/xpack-arm-none-eabi-gcc-13.2.1-1.1/bin/../lib/gcc/arm-none-eabi/13.2.1/../../../../arm-none-eabi/lib/thumb/v7e-m+fp/hard\libc_nano.a(libc_a-lock.o)
                                                  C:/Users/Nez3rt/OneDrive/Рабочий стол/MK/xpack-arm-none-eabi-gcc-13.2.1-1.1/bin/../lib/gcc/arm-none-eabi/13.2.1/../../../../arm-none-eabi/lib/thumb/v7e-m+fp/hard\libc_nano.a(libc_a-__call_atexit.o)
__lock___dd_hash_mutex                            C:/Users/Nez3rt/OneDrive/Рабочий стол/MK/xpack-arm-none-eabi-gcc-13.2.1-1.1/bin/../lib/gcc/arm-none-eabi/13.2.1/../../../../arm-none-eabi/lib/thumb/v7e-m+fp/hard\libc_nano.a(libc_a-lock.o)
__lock___env_recursive_mutex                      C:/Users/Nez3rt/OneDrive/Рабочий стол/MK/xpack-arm-none-eabi-gcc-13.2.1-1.1/bin/../lib/gcc/arm-none-eabi/13.2.1/../../../../arm-none-eabi/lib/thumb/v7e-m+fp/hard\libc_nano.a(libc_a-lock.o)
__lock___malloc_recursive_mutex                   C:/Users/Nez3rt/OneDrive/Рабочий стол/MK/xpack-arm-none-eabi-gcc-13.2.1-1.1/bin/../lib/gcc/arm-none-eabi/13.2.1/../../../../arm-none-eabi/lib/thumb/v7e-m+fp/hard\libc_nano.a(libc_a-lock.o)
                                                  C:/Users/Nez3rt/OneDrive/Рабочий стол/MK/xpack-arm-none-eabi-gcc-13.2.1-1.1/bin/../lib/gcc/arm-none-eabi/13.2.1/../../../../arm-none-eabi/lib/thumb/v7e-m+fp/hard\libc_nano.a(libc_a-mlock.o)
__lock___sfp_recursive_mutex                      C:/Users/Nez3rt/OneDrive/Рабочий стол/MK/xpack-arm-none-eabi-gcc-13.2.1-1.1/bin/../lib/gcc/arm-none-eabi/13.2.1/../../../../arm-none-eabi/lib/thumb/v7e-m+fp/hard\libc_nano.a(libc_a-lock.o)
                                                  C:/Users/Nez3rt/OneDrive/Рабочий стол/MK/xpack-arm-none-eabi-gcc-13.2.1-1.1/bin/../lib/gcc/arm-none-eabi/13.2.1/../../../../arm-none-eabi/lib/thumb/v7e-m+fp/hard\libc_nano.a(libc_a-findfp.o)
__lock___tz_mutex                                 C:/Users/Nez3rt/OneDrive/Рабочий стол/MK/xpack-arm-none-eabi-gcc-13.2.1-1.1/bin/../lib/gcc/arm-none-eabi/13.2.1/../../../../arm-none-eabi/lib/thumb/v7e-m+fp/hard\libc_nano.a(libc_a-lock.o)
__malloc_free_list                                C:/Users/Nez3rt/OneDrive/Рабочий стол/MK/xpack-arm-none-eabi-gcc-13.2.1-1.1/bin/../lib/gcc/arm-none-eabi/13.2.1/../../../../arm-none-eabi/lib/thumb/v7e-m+fp/hard\libc_nano.a(libc_a-mallocr.o)
                                                  C:/Users/Nez3rt/OneDrive/Рабочий стол/MK/xpack-arm-none-eabi-gcc-13.2.1-1.1/bin/../lib/gcc/arm-none-eabi/13.2.1/../../../../arm-none-eabi/lib/thumb/v7e-m+fp/hard\libc_nano.a(libc_a-freer.o)
__malloc_lock                                     C:/Users/Nez3rt/OneDrive/Рабочий стол/MK/xpack-arm-none-eabi-gcc-13.2.1-1.1/bin/../lib/gcc/arm-none-eabi/13.2.1/../../../../arm-none-eabi/lib/thumb/v7e-m+fp/hard\libc_nano.a(libc_a-mlock.o)
                                                  C:/Users/Nez3rt/OneDrive/Рабочий стол/MK/xpack-arm-none-eabi-gcc-13.2.1-1.1/bin/../lib/gcc/arm-none-eabi/13.2.1/../../../../arm-none-eabi/lib/thumb/v7e-m+fp/hard\libc_nano.a(libc_a-mallocr.o)
                                                  C:/Users/Nez3rt/OneDrive/Рабочий стол/MK/xpack-arm-none-eabi-gcc-13.2.1-1.1/bin/../lib/gcc/arm-none-eabi/13.2.1/../../../../arm-none-eabi/lib/thumb/v7e-m+fp/hard\libc_nano.a(libc_a-freer.o)
__malloc_sbrk_start                               C:/Users/Nez3rt/OneDrive/Рабочий стол/MK/xpack-arm-none-eabi-gcc-13.2.1-1.1/bin/../lib/gcc/arm-none-eabi/13.2.1/../../../../arm-none-eabi/lib/thumb/v7e-m+fp/hard\libc_nano.a(libc_a-mallocr.o)
__malloc_unlock                                   C:/Users/Nez3rt/OneDrive/Рабочий стол/MK/xpack-arm-none-eabi-gcc-13.2.1-1.1/bin/../lib/gcc/arm-none-eabi/13.2.1/../../../../arm-none-eabi/lib/thumb/v7e-m+fp/hard\libc_nano.a(libc_a-mlock.o)
                                                  C:/Users/Nez3rt/OneDrive/Рабочий стол/MK/xpack-arm-none-eabi-gcc-13.2.1-1.1/bin/../lib/gcc/arm-none-eabi/13.2.1/../../../../arm-none-eabi/lib/thumb/v7e-m+fp/hard\libc_nano.a(libc_a-mallocr.o)
                                                  C:/Users/Nez3rt/OneDrive/Рабочий стол/MK/xpack-arm-none-eabi-gcc-13.2.1-1.1/bin/../lib/gcc/arm-none-eabi/13.2.1/../../../../arm-none-eabi/lib/thumb/v7e-m+fp/hard\libc_nano.a(libc_a-freer.o)
__on_exit_args                                    C:/Users/Nez3rt/OneDrive/Рабочий стол/MK/xpack-arm-none-eabi-gcc-13.2.1-1.1/bin/../lib/gcc/arm-none-eabi/13.2.1/../../../../arm-none-eabi/lib/thumb/v7e-m+fp/hard\libc_nano.a(libc_a-__atexit.o)
__preinit_array_end                               C:/Users/Nez3rt/OneDrive/Рабочий стол/MK/xpack-arm-none-eabi-gcc-13.2.1-1.1/bin/../lib/gcc/arm-none-eabi/13.2.1/../../../../arm-none-eabi/lib/thumb/v7e-m+fp/hard\libc_nano.a(libc_a-init.o)
__preinit_array_start                             C:/Users/Nez3rt/OneDrive/Рабочий стол/MK/xpack-arm-none-eabi-gcc-13.2.1-1.1/bin/../lib/gcc/arm-none-eabi/13.2.1/../../../../arm-none-eabi/lib/thumb/v7e-m+fp/hard\libc_nano.a(libc_a-init.o)
__register_exitproc                               C:/Users/Nez3rt/OneDrive/Рабочий стол/MK/xpack-arm-none-eabi-gcc-13.2.1-1.1/bin/../lib/gcc/arm-none-eabi/13.2.1/../../../../arm-none-eabi/lib/thumb/v7e-m+fp/hard\libc_nano.a(libc_a-__atexit.o)
                                                  C:/Users/Nez3rt/OneDrive/Рабочий стол/MK/xpack-arm-none-eabi-gcc-13.2.1-1.1/bin/../lib/gcc/arm-none-eabi/13.2.1/../../../../arm-none-eabi/lib/thumb/v7e-m+fp/hard\libc_nano.a(libc_a-atexit.o)
__register_frame_info                             C:/Users/Nez3rt/OneDrive/Рабочий стол/MK/xpack-arm-none-eabi-gcc-13.2.1-1.1/bin/../lib/gcc/arm-none-eabi/13.2.1/thumb/v7e-m+fp/hard/crtbegin.o
__retarget_lock_acquire                           C:/Users/Nez3rt/OneDrive/Рабочий стол/MK/xpack-arm-none-eabi-gcc-13.2.1-1.1/bin/../lib/gcc/arm-none-eabi/13.2.1/../../../../arm-none-eabi/lib/thumb/v7e-m+fp/hard\libc_nano.a(libc_a-lock.o)
__retarget_lock_acquire_recursive                 C:/Users/Nez3rt/OneDrive/Рабочий стол/MK/xpack-arm-none-eabi-gcc-13.2.1-1.1/bin/../lib/gcc/arm-none-eabi/13.2.1/../../../../arm-none-eabi/lib/thumb/v7e-m+fp/hard\libc_nano.a(libc_a-lock.o)
                                                  C:/Users/Nez3rt/OneDrive/Рабочий стол/MK/xpack-arm-none-eabi-gcc-13.2.1-1.1/bin/../lib/gcc/arm-none-eabi/13.2.1/../../../../arm-none-eabi/lib/thumb/v7e-m+fp/hard\libc_nano.a(libc_a-fflush.o)
                                                  C:/Users/Nez3rt/OneDrive/Рабочий стол/MK/xpack-arm-none-eabi-gcc-13.2.1-1.1/bin/../lib/gcc/arm-none-eabi/13.2.1/../../../../arm-none-eabi/lib/thumb/v7e-m+fp/hard\libc_nano.a(libc_a-mlock.o)
                                                  C:/Users/Nez3rt/OneDrive/Рабочий стол/MK/xpack-arm-none-eabi-gcc-13.2.1-1.1/bin/../lib/gcc/arm-none-eabi/13.2.1/../../../../arm-none-eabi/lib/thumb/v7e-m+fp/hard\libc_nano.a(libc_a-__call_atexit.o)
                                                  C:/Users/Nez3rt/OneDrive/Рабочий стол/MK/xpack-arm-none-eabi-gcc-13.2.1-1.1/bin/../lib/gcc/arm-none-eabi/13.2.1/../../../../arm-none-eabi/lib/thumb/v7e-m+fp/hard\libc_nano.a(libc_a-__atexit.o)
                                                  C:/Users/Nez3rt/OneDrive/Рабочий стол/MK/xpack-arm-none-eabi-gcc-13.2.1-1.1/bin/../lib/gcc/arm-none-eabi/13.2.1/../../../../arm-none-eabi/lib/thumb/v7e-m+fp/hard\libc_nano.a(libc_a-findfp.o)
__retarget_lock_close                             C:/Users/Nez3rt/OneDrive/Рабочий стол/MK/xpack-arm-none-eabi-gcc-13.2.1-1.1/bin/../lib/gcc/arm-none-eabi/13.2.1/../../../../arm-none-eabi/lib/thumb/v7e-m+fp/hard\libc_nano.a(libc_a-lock.o)
__retarget_lock_close_recursive                   C:/Users/Nez3rt/OneDrive/Рабочий стол/MK/xpack-arm-none-eabi-gcc-13.2.1-1.1/bin/../lib/gcc/arm-none-eabi/13.2.1/../../../../arm-none-eabi/lib/thumb/v7e-m+fp/hard\libc_nano.a(libc_a-lock.o)
__retarget_lock_init                              C:/Users/Nez3rt/OneDrive/Рабочий стол/MK/xpack-arm-none-eabi-gcc-13.2.1-1.1/bin/../lib/gcc/arm-none-eabi/13.2.1/../../../../arm-none-eabi/lib/thumb/v7e-m+fp/hard\libc_nano.a(libc_a-lock.o)
__retarget_lock_init_recursive                    C:/Users/Nez3rt/OneDrive/Рабочий стол/MK/xpack-arm-none-eabi-gcc-13.2.1-1.1/bin/../lib/gcc/arm-none-eabi/13.2.1/../../../../arm-none-eabi/lib/thumb/v7e-m+fp/hard\libc_nano.a(libc_a-lock.o)
                                                  C:/Users/Nez3rt/OneDrive/Рабочий стол/MK/xpack-arm-none-eabi-gcc-13.2.1-1.1/bin/../lib/gcc/arm-none-eabi/13.2.1/../../../../arm-none-eabi/lib/thumb/v7e-m+fp/hard\libc_nano.a(libc_a-findfp.o)
__retarget_lock_release                           C:/Users/Nez3rt/OneDrive/Рабочий стол/MK/xpack-arm-none-eabi-gcc-13.2.1-1.1/bin/../lib/gcc/arm-none-eabi/13.2.1/../../../../arm-none-eabi/lib/thumb/v7e-m+fp/hard\libc_nano.a(libc_a-lock.o)
__retarget_lock_release_recursive                 C:/Users/Nez3rt/OneDrive/Рабочий стол/MK/xpack-arm-none-eabi-gcc-13.2.1-1.1/bin/../lib/gcc/arm-none-eabi/13.2.1/../../../../arm-none-eabi/lib/thumb/v7e-m+fp/hard\libc_nano.a(libc_a-lock.o)
                                                  C:/Users/Nez3rt/OneDrive/Рабочий стол/MK/xpack-arm-none-eabi-gcc-13.2.1-1.1/bin/../lib/gcc/arm-none-eabi/13.2.1/../../../../arm-none-eabi/lib/thumb/v7e-m+fp/hard\libc_nano.a(libc_a-fflush.o)
                                                  C:/Users/Nez3rt/OneDrive/Рабочий стол/MK/xpack-arm-none-eabi-gcc-13.2.1-1.1/bin/../lib/gcc/arm-none-eabi/13.2.1/../../../../arm-none-eabi/lib/thumb/v7e-m+fp/hard\libc_nano.a(libc_a-mlock.o)
                                                  C:/Users/Nez3rt/OneDrive/Рабочий стол/MK/xpack-arm-none-eabi-gcc-13.2.1-1.1/bin/../lib/gcc/arm-none-eabi/13.2.1/../../../../arm-none-eabi/lib/thumb/v7e-m+fp/hard\libc_nano.a(libc_a-__call_atexit.o)
                                                  C:/Users/Nez3rt/OneDrive/Рабочий стол/MK/xpack-arm-none-eabi-gcc-13.2.1-1.1/bin/../lib/gcc/arm-none-eabi/13.2.1/../../../../arm-none-eabi/lib/thumb/v7e-m+fp/hard\libc_nano.a(libc_a-__atexit.o)
                                                  C:/Users/Nez3rt/OneDrive/Рабочий стол/MK/xpack-arm-none-eabi-gcc-13.2.1-1.1/bin/../lib/gcc/arm-none-eabi/13.2.1/../../../../arm-none-eabi/lib/thumb/v7e-m+fp/hard\libc_nano.a(libc_a-findfp.o)
__retarget_lock_try_acquire                       C:/Users/Nez3rt/OneDrive/Рабочий стол/MK/xpack-arm-none-eabi-gcc-13.2.1-1.1/bin/../lib/gcc/arm-none-eabi/13.2.1/../../../../arm-none-eabi/lib/thumb/v7e-m+fp/hard\libc_nano.a(libc_a-lock.o)
__retarget_lock_try_acquire_recursive             C:/Users/Nez3rt/OneDrive/Рабочий стол/MK/xpack-arm-none-eabi-gcc-13.2.1-1.1/bin/../lib/gcc/arm-none-eabi/13.2.1/../../../../arm-none-eabi/lib/thumb/v7e-m+fp/hard\libc_nano.a(libc_a-lock.o)
__sclose                                          C:/Users/Nez3rt/OneDrive/Рабочий стол/MK/xpack-arm-none-eabi-gcc-13.2.1-1.1/bin/../lib/gcc/arm-none-eabi/13.2.1/../../../../arm-none-eabi/lib/thumb/v7e-m+fp/hard\libc_nano.a(libc_a-stdio.o)
                                                  C:/Users/Nez3rt/OneDrive/Рабочий стол/MK/xpack-arm-none-eabi-gcc-13.2.1-1.1/bin/../lib/gcc/arm-none-eabi/13.2.1/../../../../arm-none-eabi/lib/thumb/v7e-m+fp/hard\libc_nano.a(libc_a-findfp.o)
__seofread                                        C:/Users/Nez3rt/OneDrive/Рабочий стол/MK/xpack-arm-none-eabi-gcc-13.2.1-1.1/bin/../lib/gcc/arm-none-eabi/13.2.1/../../../../arm-none-eabi/lib/thumb/v7e-m+fp/hard\libc_nano.a(libc_a-stdio.o)
__sf                                              C:/Users/Nez3rt/OneDrive/Рабочий стол/MK/xpack-arm-none-eabi-gcc-13.2.1-1.1/bin/../lib/gcc/arm-none-eabi/13.2.1/../../../../arm-none-eabi/lib/thumb/v7e-m+fp/hard\libc_nano.a(libc_a-findfp.o)
                                                  C:/Users/Nez3rt/OneDrive/Рабочий стол/MK/xpack-arm-none-eabi-gcc-13.2.1-1.1/bin/../lib/gcc/arm-none-eabi/13.2.1/../../../../arm-none-eabi/lib/thumb/v7e-m+fp/hard\libc_nano.a(libc_a-impure.o)
__sflush_r                                        C:/Users/Nez3rt/OneDrive/Рабочий стол/MK/xpack-arm-none-eabi-gcc-13.2.1-1.1/bin/../lib/gcc/arm-none-eabi/13.2.1/../../../../arm-none-eabi/lib/thumb/v7e-m+fp/hard\libc_nano.a(libc_a-fflush.o)
__sfp                                             C:/Users/Nez3rt/OneDrive/Рабочий стол/MK/xpack-arm-none-eabi-gcc-13.2.1-1.1/bin/../lib/gcc/arm-none-eabi/13.2.1/../../../../arm-none-eabi/lib/thumb/v7e-m+fp/hard\libc_nano.a(libc_a-findfp.o)
__sfp_lock_acquire                                C:/Users/Nez3rt/OneDrive/Рабочий стол/MK/xpack-arm-none-eabi-gcc-13.2.1-1.1/bin/../lib/gcc/arm-none-eabi/13.2.1/../../../../arm-none-eabi/lib/thumb/v7e-m+fp/hard\libc_nano.a(libc_a-findfp.o)
__sfp_lock_release                                C:/Users/Nez3rt/OneDrive/Рабочий стол/MK/xpack-arm-none-eabi-gcc-13.2.1-1.1/bin/../lib/gcc/arm-none-eabi/13.2.1/../../../../arm-none-eabi/lib/thumb/v7e-m+fp/hard\libc_nano.a(libc_a-findfp.o)
__sglue                                           C:/Users/Nez3rt/OneDrive/Рабочий стол/MK/xpack-arm-none-eabi-gcc-13.2.1-1.1/bin/../lib/gcc/arm-none-eabi/13.2.1/../../../../arm-none-eabi/lib/thumb/v7e-m+fp/hard\libc_nano.a(libc_a-findfp.o)
                                                  C:/Users/Nez3rt/OneDrive/Рабочий стол/MK/xpack-arm-none-eabi-gcc-13.2.1-1.1/bin/../lib/gcc/arm-none-eabi/13.2.1/../../../../arm-none-eabi/lib/thumb/v7e-m+fp/hard\libc_nano.a(libc_a-fflush.o)
__sinit                                           C:/Users/Nez3rt/OneDrive/Рабочий стол/MK/xpack-arm-none-eabi-gcc-13.2.1-1.1/bin/../lib/gcc/arm-none-eabi/13.2.1/../../../../arm-none-eabi/lib/thumb/v7e-m+fp/hard\libc_nano.a(libc_a-findfp.o)
                                                  C:/Users/Nez3rt/OneDrive/Рабочий стол/MK/xpack-arm-none-eabi-gcc-13.2.1-1.1/bin/../lib/gcc/arm-none-eabi/13.2.1/../../../../arm-none-eabi/lib/thumb/v7e-m+fp/hard\libc_nano.a(libc_a-fflush.o)
__sread                                           C:/Users/Nez3rt/OneDrive/Рабочий стол/MK/xpack-arm-none-eabi-gcc-13.2.1-1.1/bin/../lib/gcc/arm-none-eabi/13.2.1/../../../../arm-none-eabi/lib/thumb/v7e-m+fp/hard\libc_nano.a(libc_a-stdio.o)
                                                  C:/Users/Nez3rt/OneDrive/Рабочий стол/MK/xpack-arm-none-eabi-gcc-13.2.1-1.1/bin/../lib/gcc/arm-none-eabi/13.2.1/../../../../arm-none-eabi/lib/thumb/v7e-m+fp/hard\libc_nano.a(libc_a-findfp.o)
__sseek                                           C:/Users/Nez3rt/OneDrive/Рабочий стол/MK/xpack-arm-none-eabi-gcc-13.2.1-1.1/bin/../lib/gcc/arm-none-eabi/13.2.1/../../../../arm-none-eabi/lib/thumb/v7e-m+fp/hard\libc_nano.a(libc_a-stdio.o)
                                                  C:/Users/Nez3rt/OneDrive/Рабочий стол/MK/xpack-arm-none-eabi-gcc-13.2.1-1.1/bin/../lib/gcc/arm-none-eabi/13.2.1/../../../../arm-none-eabi/lib/thumb/v7e-m+fp/hard\libc_nano.a(libc_a-findfp.o)
__stack                                           C:/Users/Nez3rt/OneDrive/Рабочий стол/MK/xpack-arm-none-eabi-gcc-13.2.1-1.1/bin/../lib/gcc/arm-none-eabi/13.2.1/../../../../arm-none-eabi/lib/thumb/v7e-m+fp/hard/crt0.o
__stdio_exit_handler                              C:/Users/Nez3rt/OneDrive/Рабочий стол/MK/xpack-arm-none-eabi-gcc-13.2.1-1.1/bin/../lib/gcc/arm-none-eabi/13.2.1/../../../../arm-none-eabi/lib/thumb/v7e-m+fp/hard\libc_nano.a(libc_a-findfp.o)
                                                  C:/Users/Nez3rt/OneDrive/Рабочий стол/MK/xpack-arm-none-eabi-gcc-13.2.1-1.1/bin/../lib/gcc/arm-none-eabi/13.2.1/../../../../arm-none-eabi/lib/thumb/v7e-m+fp/hard\libc_nano.a(libc_a-exit.o)
__swrite                                          C:/Users/Nez3rt/OneDrive/Рабочий стол/MK/xpack-arm-none-eabi-gcc-13.2.1-1.1/bin/../lib/gcc/arm-none-eabi/13.2.1/../../../../arm-none-eabi/lib/thumb/v7e-m+fp/hard\libc_nano.a(libc_a-stdio.o)
                                                  C:/Users/Nez3rt/OneDrive/Рабочий стол/MK/xpack-arm-none-eabi-gcc-13.2.1-1.1/bin/../lib/gcc/arm-none-eabi/13.2.1/../../../../arm-none-eabi/lib/thumb/v7e-m+fp/hard\libc_nano.a(libc_a-findfp.o)
_close                                            build_F429ZI/syscalls.o
                                                  C:/Users/Nez3rt/OneDrive/Рабочий стол/MK/xpack-arm-none-eabi-gcc-13.2.1-1.1/bin/../lib/gcc/arm-none-eabi/13.2.1/../../../../arm-none-eabi/lib/thumb/v7e-m+fp/hard\libc_nano.a(libc_a-closer.o)
_close_r                                          C:/Users/Nez3rt/OneDrive/Рабочий стол/MK/xpack-arm-none-eabi-gcc-13.2.1-1.1/bin/../lib/gcc/arm-none-eabi/13.2.1/../../../../arm-none-eabi/lib/thumb/v7e-m+fp/hard\libc_nano.a(libc_a-closer.o)
                                                  C:/Users/Nez3rt/OneDrive/Рабочий стол/MK/xpack-arm-none-eabi-gcc-13.2.1-1.1/bin/../lib/gcc/arm-none-eabi/13.2.1/../../../../arm-none-eabi/lib/thumb/v7e-m+fp/hard\libc_nano.a(libc_a-stdio.o)
_ebss                                             build_F429ZI/startup_stm32f429xx.o
_edata                                            build_F429ZI/startup_stm32f429xx.o
_end                                              build_F429ZI/sysmem.o
_estack                                           build_F429ZI/startup_stm32f429xx.o
                                                  build_F429ZI/sysmem.o
_execve                                           build_F429ZI/syscalls.o
_exit                                             build_F429ZI/syscalls.o
                                                  C:/Users/Nez3rt/OneDrive/Рабочий стол/MK/xpack-arm-none-eabi-gcc-13.2.1-1.1/bin/../lib/gcc/arm-none-eabi/13.2.1/../../../../arm-none-eabi/lib/thumb/v7e-m+fp/hard\libc_nano.a(libc_a-exit.o)
_fflush_r                                         C:/Users/Nez3rt/OneDrive/Рабочий стол/MK/xpack-arm-none-eabi-gcc-13.2.1-1.1/bin/../lib/gcc/arm-none-eabi/13.2.1/../../../../arm-none-eabi/lib/thumb/v7e-m+fp/hard\libc_nano.a(libc_a-fflush.o)
                                                  C:/Users/Nez3rt/OneDrive/Рабочий стол/MK/xpack-arm-none-eabi-gcc-13.2.1-1.1/bin/../lib/gcc/arm-none-eabi/13.2.1/../../../../arm-none-eabi/lib/thumb/v7e-m+fp/hard\libc_nano.a(libc_a-findfp.o)
_fini                                             C:/Users/Nez3rt/OneDrive/Рабочий стол/MK/xpack-arm-none-eabi-gcc-13.2.1-1.1/bin/../lib/gcc/arm-none-eabi/13.2.1/thumb/v7e-m+fp/hard/crti.o
                                                  C:/Users/Nez3rt/OneDrive/Рабочий стол/MK/xpack-arm-none-eabi-gcc-13.2.1-1.1/bin/../lib/gcc/arm-none-eabi/13.2.1/../../../../arm-none-eabi/lib/thumb/v7e-m+fp/hard\libc_nano.a(libc_a-fini.o)
_fork                                             build_F429ZI/syscalls.o
_free_r                                           C:/Users/Nez3rt/OneDrive/Рабочий стол/MK/xpack-arm-none-eabi-gcc-13.2.1-1.1/bin/../lib/gcc/arm-none-eabi/13.2.1/../../../../arm-none-eabi/lib/thumb/v7e-m+fp/hard\libc_nano.a(libc_a-freer.o)
                                                  C:/Users/Nez3rt/OneDrive/Рабочий стол/MK/xpack-arm-none-eabi-gcc-13.2.1-1.1/bin/../lib/gcc/arm-none-eabi/13.2.1/../../../../arm-none-eabi/lib/thumb/v7e-m+fp/hard\libc_nano.a(libc_a-fflush.o)
                                                  C:/Users/Nez3rt/OneDrive/Рабочий стол/MK/xpack-arm-none-eabi-gcc-13.2.1-1.1/bin/../lib/gcc/arm-none-eabi/13.2.1/../../../../arm-none-eabi/lib/thumb/v7e-m+fp/hard\libc_nano.a(libc_a-reent.o)
_fstat                                            build_F429ZI/syscalls.o
_fwalk_sglue                                      C:/Users/Nez3rt/OneDrive/Рабочий стол/MK/xpack-arm-none-eabi-gcc-13.2.1-1.1/bin/../lib/gcc/arm-none-eabi/13.2.1/../../../../arm-none-eabi/lib/thumb/v7e-m+fp/hard\libc_nano.a(libc_a-fwalk.o)
                                                  C:/Users/Nez3rt/OneDrive/Рабочий стол/MK/xpack-arm-none-eabi-gcc-13.2.1-1.1/bin/../lib/gcc/arm-none-eabi/13.2.1/../../../../arm-none-eabi/lib/thumb/v7e-m+fp/hard\libc_nano.a(libc_a-fflush.o)
                                                  C:/Users/Nez3rt/OneDrive/Рабочий стол/MK/xpack-arm-none-eabi-gcc-13.2.1-1.1/bin/../lib/gcc/arm-none-eabi/13.2.1/../../../../arm-none-eabi/lib/thumb/v7e-m+fp/hard\libc_nano.a(libc_a-findfp.o)
_getpid                                           build_F429ZI/syscalls.o
_impure_data                                      C:/Users/Nez3rt/OneDrive/Рабочий стол/MK/xpack-arm-none-eabi-gcc-13.2.1-1.1/bin/../lib/gcc/arm-none-eabi/13.2.1/../../../../arm-none-eabi/lib/thumb/v7e-m+fp/hard\libc_nano.a(libc_a-impure.o)
                                                  C:/Users/Nez3rt/OneDrive/Рабочий стол/MK/xpack-arm-none-eabi-gcc-13.2.1-1.1/bin/../lib/gcc/arm-none-eabi/13.2.1/../../../../arm-none-eabi/lib/thumb/v7e-m+fp/hard\libc_nano.a(libc_a-fflush.o)
                                                  C:/Users/Nez3rt/OneDrive/Рабочий стол/MK/xpack-arm-none-eabi-gcc-13.2.1-1.1/bin/../lib/gcc/arm-none-eabi/13.2.1/../../../../arm-none-eabi/lib/thumb/v7e-m+fp/hard\libc_nano.a(libc_a-findfp.o)
_impure_ptr                                       C:/Users/Nez3rt/OneDrive/Рабочий стол/MK/xpack-arm-none-eabi-gcc-13.2.1-1.1/bin/../lib/gcc/arm-none-eabi/13.2.1/../../../../arm-none-eabi/lib/thumb/v7e-m+fp/hard\libc_nano.a(libc_a-impure.o)
                                                  C:/Users/Nez3rt/OneDrive/Рабочий стол/MK/xpack-arm-none-eabi-gcc-13.2.1-1.1/bin/../lib/gcc/arm-none-eabi/13.2.1/../../../../arm-none-eabi/lib/thumb/v7e-m+fp/hard\libc_nano.a(libc_a-fflush.o)
                                                  C:/Users/Nez3rt/OneDrive/Рабочий стол/MK/xpack-arm-none-eabi-gcc-13.2.1-1.1/bin/../lib/gcc/arm-none-eabi/13.2.1/../../../../arm-none-eabi/lib/thumb/v7e-m+fp/hard\libc_nano.a(libc_a-errno.o)
                                                  C:/Users/Nez3rt/OneDrive/Рабочий стол/MK/xpack-arm-none-eabi-gcc-13.2.1-1.1/bin/../lib/gcc/arm-none-eabi/13.2.1/../../../../arm-none-eabi/lib/thumb/v7e-m+fp/hard\libc_nano.a(libc_a-reent.o)
_init                                             C:/Users/Nez3rt/OneDrive/Рабочий стол/MK/xpack-arm-none-eabi-gcc-13.2.1-1.1/bin/../lib/gcc/arm-none-eabi/13.2.1/thumb/v7e-m+fp/hard/crti.o
                                                  C:/Users/Nez3rt/OneDrive/Рабочий стол/MK/xpack-arm-none-eabi-gcc-13.2.1-1.1/bin/../lib/gcc/arm-none-eabi/13.2.1/../../../../arm-none-eabi/lib/thumb/v7e-m+fp/hard\libc_nano.a(libc_a-init.o)
_isatty                                           build_F429ZI/syscalls.o
_kill                                             build_F429ZI/syscalls.o
_link                                             build_F429ZI/syscalls.o
_lseek                                            build_F429ZI/syscalls.o
                                                  C:/Users/Nez3rt/OneDrive/Рабочий стол/MK/xpack-arm-none-eabi-gcc-13.2.1-1.1/bin/../lib/gcc/arm-none-eabi/13.2.1/../../../../arm-none-eabi/lib/thumb/v7e-m+fp/hard\libc_nano.a(libc_a-lseekr.o)
_lseek_r                                          C:/Users/Nez3rt/OneDrive/Рабочий стол/MK/xpack-arm-none-eabi-gcc-13.2.1-1.1/bin/../lib/gcc/arm-none-eabi/13.2.1/../../../../arm-none-eabi/lib/thumb/v7e-m+fp/hard\libc_nano.a(libc_a-lseekr.o)
                                                  C:/Users/Nez3rt/OneDrive/Рабочий стол/MK/xpack-arm-none-eabi-gcc-13.2.1-1.1/bin/../lib/gcc/arm-none-eabi/13.2.1/../../../../arm-none-eabi/lib/thumb/v7e-m+fp/hard\libc_nano.a(libc_a-stdio.o)
_mainCRTStartup                                   C:/Users/Nez3rt/OneDrive/Рабочий стол/MK/xpack-arm-none-eabi-gcc-13.2.1-1.1/bin/../lib/gcc/arm-none-eabi/13.2.1/../../../../arm-none-eabi/lib/thumb/v7e-m+fp/hard/crt0.o
_malloc_r                                         C:/Users/Nez3rt/OneDrive/Рабочий стол/MK/xpack-arm-none-eabi-gcc-13.2.1-1.1/bin/../lib/gcc/arm-none-eabi/13.2.1/../../../../arm-none-eabi/lib/thumb/v7e-m+fp/hard\libc_nano.a(libc_a-mallocr.o)
                                                  C:/Users/Nez3rt/OneDrive/Рабочий стол/MK/xpack-arm-none-eabi-gcc-13.2.1-1.1/bin/../lib/gcc/arm-none-eabi/13.2.1/../../../../arm-none-eabi/lib/thumb/v7e-m+fp/hard\libc_nano.a(libc_a-findfp.o)
_open                                             build_F429ZI/syscalls.o
_read                                             build_F429ZI/syscalls.o
                                                  C:/Users/Nez3rt/OneDrive/Рабочий стол/MK/xpack-arm-none-eabi-gcc-13.2.1-1.1/bin/../lib/gcc/arm-none-eabi/13.2.1/../../../../arm-none-eabi/lib/thumb/v7e-m+fp/hard\libc_nano.a(libc_a-readr.o)
_read_r                                           C:/Users/Nez3rt/OneDrive/Рабочий стол/MK/xpack-arm-none-eabi-gcc-13.2.1-1.1/bin/../lib/gcc/arm-none-eabi/13.2.1/../../../../arm-none-eabi/lib/thumb/v7e-m+fp/hard\libc_nano.a(libc_a-readr.o)
                                                  C:/Users/Nez3rt/OneDrive/Рабочий стол/MK/xpack-arm-none-eabi-gcc-13.2.1-1.1/bin/../lib/gcc/arm-none-eabi/13.2.1/../../../../arm-none-eabi/lib/thumb/v7e-m+fp/hard\libc_nano.a(libc_a-stdio.o)
_reclaim_reent                                    C:/Users/Nez3rt/OneDrive/Рабочий стол/MK/xpack-arm-none-eabi-gcc-13.2.1-1.1/bin/../lib/gcc/arm-none-eabi/13.2.1/../../../../arm-none-eabi/lib/thumb/v7e-m+fp/hard\libc_nano.a(libc_a-reent.o)
_sbrk                                             build_F429ZI/sysmem.o
                                                  C:/Users/Nez3rt/OneDrive/Рабочий стол/MK/xpack-arm-none-eabi-gcc-13.2.1-1.1/bin/../lib/gcc/arm-none-eabi/13.2.1/../../../../arm-none-eabi/lib/thumb/v7e-m+fp/hard\libc_nano.a(libc_a-sbrkr.o)
_sbrk_r                                           C:/Users/Nez3rt/OneDrive/Рабочий стол/MK/xpack-arm-none-eabi-gcc-13.2.1-1.1/bin/../lib/gcc/arm-none-eabi/13.2.1/../../../../arm-none-eabi/lib/thumb/v7e-m+fp/hard\libc_nano.a(libc_a-sbrkr.o)
                                                  C:/Users/Nez3rt/OneDrive/Рабочий стол/MK/xpack-arm-none-eabi-gcc-13.2.1-1.1/bin/../lib/gcc/arm-none-eabi/13.2.1/../../../../arm-none-eabi/lib/thumb/v7e-m+fp/hard\libc_nano.a(libc_a-mallocr.o)
_sbss                                             build_F429ZI/startup_stm32f429xx.o
_sdata                                            build_F429ZI/startup_stm32f429xx.o
_sidata                                           build_F429ZI/startup_stm32f429xx.o
_stack_init                                       C:/Users/Nez3rt/OneDrive/Рабочий стол/MK/xpack-arm-none-eabi-gcc-13.2.1-1.1/bin/../lib/gcc/arm-none-eabi/13.2.1/../../../../arm-none-eabi/lib/thumb/v7e-m+fp/hard/crt0.o
_start                                            C:/Users/Nez3rt/OneDrive/Рабочий стол/MK/xpack-arm-none-eabi-gcc-13.2.1-1.1/bin/../lib/gcc/arm-none-eabi/13.2.1/../../../../arm-none-eabi/lib/thumb/v7e-m+fp/hard/crt0.o
_stat                                             build_F429ZI/syscalls.o
_times                                            build_F429ZI/syscalls.o
_unlink                                           build_F429ZI/syscalls.o
_wait                                             build_F429ZI/syscalls.o
_write                                            build_F429ZI/syscalls.o
                                                  C:/Users/Nez3rt/OneDrive/Рабочий стол/MK/xpack-arm-none-eabi-gcc-13.2.1-1.1/bin/../lib/gcc/arm-none-eabi/13.2.1/../../../../arm-none-eabi/lib/thumb/v7e-m+fp/hard\libc_nano.a(libc_a-writer.o)
_write_r                                          C:/Users/Nez3rt/OneDrive/Рабочий стол/MK/xpack-arm-none-eabi-gcc-13.2.1-1.1/bin/../lib/gcc/arm-none-eabi/13.2.1/../../../../arm-none-eabi/lib/thumb/v7e-m+fp/hard\libc_nano.a(libc_a-writer.o)
                                                  C:/Users/Nez3rt/OneDrive/Рабочий стол/MK/xpack-arm-none-eabi-gcc-13.2.1-1.1/bin/../lib/gcc/arm-none-eabi/13.2.1/../../../../arm-none-eabi/lib/thumb/v7e-m+fp/hard\libc_nano.a(libc_a-stdio.o)
atexit                                            C:/Users/Nez3rt/OneDrive/Рабочий стол/MK/xpack-arm-none-eabi-gcc-13.2.1-1.1/bin/../lib/gcc/arm-none-eabi/13.2.1/../../../../arm-none-eabi/lib/thumb/v7e-m+fp/hard\libc_nano.a(libc_a-atexit.o)
                                                  C:/Users/Nez3rt/OneDrive/Рабочий стол/MK/xpack-arm-none-eabi-gcc-13.2.1-1.1/bin/../lib/gcc/arm-none-eabi/13.2.1/../../../../arm-none-eabi/lib/thumb/v7e-m+fp/hard/crt0.o
blink                                             build_F429ZI/main.o
blink2                                            build_F429ZI/main.o
environ                                           build_F429ZI/syscalls.o
errno                                             C:/Users/Nez3rt/OneDrive/Рабочий стол/MK/xpack-arm-none-eabi-gcc-13.2.1-1.1/bin/../lib/gcc/arm-none-eabi/13.2.1/../../../../arm-none-eabi/lib/thumb/v7e-m+fp/hard\libc_nano.a(libc_a-reent.o)
                                                  C:/Users/Nez3rt/OneDrive/Рабочий стол/MK/xpack-arm-none-eabi-gcc-13.2.1-1.1/bin/../lib/gcc/arm-none-eabi/13.2.1/../../../../arm-none-eabi/lib/thumb/v7e-m+fp/hard\libc_nano.a(libc_a-sbrkr.o)
                                                  C:/Users/Nez3rt/OneDrive/Рабочий стол/MK/xpack-arm-none-eabi-gcc-13.2.1-1.1/bin/../lib/gcc/arm-none-eabi/13.2.1/../../../../arm-none-eabi/lib/thumb/v7e-m+fp/hard\libc_nano.a(libc_a-writer.o)
                                                  C:/Users/Nez3rt/OneDrive/Рабочий стол/MK/xpack-arm-none-eabi-gcc-13.2.1-1.1/bin/../lib/gcc/arm-none-eabi/13.2.1/../../../../arm-none-eabi/lib/thumb/v7e-m+fp/hard\libc_nano.a(libc_a-readr.o)
                                                  C:/Users/Nez3rt/OneDrive/Рабочий стол/MK/xpack-arm-none-eabi-gcc-13.2.1-1.1/bin/../lib/gcc/arm-none-eabi/13.2.1/../../../../arm-none-eabi/lib/thumb/v7e-m+fp/hard\libc_nano.a(libc_a-lseekr.o)
                                                  C:/Users/Nez3rt/OneDrive/Рабочий стол/MK/xpack-arm-none-eabi-gcc-13.2.1-1.1/bin/../lib/gcc/arm-none-eabi/13.2.1/../../../../arm-none-eabi/lib/thumb/v7e-m+fp/hard\libc_nano.a(libc_a-closer.o)
exit                                              C:/Users/Nez3rt/OneDrive/Рабочий стол/MK/xpack-arm-none-eabi-gcc-13.2.1-1.1/bin/../lib/gcc/arm-none-eabi/13.2.1/../../../../arm-none-eabi/lib/thumb/v7e-m+fp/hard\libc_nano.a(libc_a-exit.o)
                                                  C:/Users/Nez3rt/OneDrive/Рабочий стол/MK/xpack-arm-none-eabi-gcc-13.2.1-1.1/bin/../lib/gcc/arm-none-eabi/13.2.1/../../../../arm-none-eabi/lib/thumb/v7e-m+fp/hard/crt0.o
fflush                                            C:/Users/Nez3rt/OneDrive/Рабочий стол/MK/xpack-arm-none-eabi-gcc-13.2.1-1.1/bin/../lib/gcc/arm-none-eabi/13.2.1/../../../../arm-none-eabi/lib/thumb/v7e-m+fp/hard\libc_nano.a(libc_a-fflush.o)
freq_mode                                         build_F429ZI/main.o
                                                  build_F429ZI/it_handlers.o
g_pfnVectors                                      build_F429ZI/startup_stm32f429xx.o
hardware_init_hook                                C:/Users/Nez3rt/OneDrive/Рабочий стол/MK/xpack-arm-none-eabi-gcc-13.2.1-1.1/bin/../lib/gcc/arm-none-eabi/13.2.1/../../../../arm-none-eabi/lib/thumb/v7e-m+fp/hard/crt0.o
i                                                 build_F429ZI/main.o
initialise_monitor_handles                        build_F429ZI/syscalls.o
main                                              build_F429ZI/main.o
                                                  build_F429ZI/startup_stm32f429xx.o
                                                  C:/Users/Nez3rt/OneDrive/Рабочий стол/MK/xpack-arm-none-eabi-gcc-13.2.1-1.1/bin/../lib/gcc/arm-none-eabi/13.2.1/../../../../arm-none-eabi/lib/thumb/v7e-m+fp/hard/crt0.o
malloc                                            C:/Users/Nez3rt/OneDrive/Рабочий стол/MK/xpack-arm-none-eabi-gcc-13.2.1-1.1/bin/../lib/gcc/arm-none-eabi/13.2.1/../../../../arm-none-eabi/lib/thumb/v7e-m+fp/hard\libc_nano.a(libc_a-__atexit.o)
memset                                            C:/Users/Nez3rt/OneDrive/Рабочий стол/MK/xpack-arm-none-eabi-gcc-13.2.1-1.1/bin/../lib/gcc/arm-none-eabi/13.2.1/../../../../arm-none-eabi/lib/thumb/v7e-m+fp/hard\libc_nano.a(libc_a-memset.o)
                                                  C:/Users/Nez3rt/OneDrive/Рабочий стол/MK/xpack-arm-none-eabi-gcc-13.2.1-1.1/bin/../lib/gcc/arm-none-eabi/13.2.1/../../../../arm-none-eabi/lib/thumb/v7e-m+fp/hard\libc_nano.a(libc_a-findfp.o)
                                                  C:/Users/Nez3rt/OneDrive/Рабочий стол/MK/xpack-arm-none-eabi-gcc-13.2.1-1.1/bin/../lib/gcc/arm-none-eabi/13.2.1/../../../../arm-none-eabi/lib/thumb/v7e-m+fp/hard/crt0.o
milis                                             build_F429ZI/it_handlers.o
                                                  build_F429ZI/main.o
mode                                              build_F429ZI/main.o
                                                  build_F429ZI/it_handlers.o
software_init_hook                                C:/Users/Nez3rt/OneDrive/Рабочий стол/MK/xpack-arm-none-eabi-gcc-13.2.1-1.1/bin/../lib/gcc/arm-none-eabi/13.2.1/../../../../arm-none-eabi/lib/thumb/v7e-m+fp/hard/crt0.o
